
proc placeholder_1*(placeholder_0 = "you"): string =
  `&`(`&`("One for ", placeholder_0), ", one for me.")
